1 6 0 6
2 8 0 8
3 15 8 15
4 11 8 11
5 108 7 107
5 29